2.1
0.9
line is not a number: 3.1xx

0.9
0.1
average: 1.0
