{'Gene 3 (other comment)': 'TACAGTATCAGTTTCTGCGTTCCGCAAAGCGACTGTGTGCGAGCTGAACGGGCAATGCAGGAAGAGTTCTATTTCCCAATTTTTAGGAACCC', 'Gene1': 'AGCTTTTCATTCTGACTGCAACGGGCAATATGTCTCTGTGTGGATTAAAAAAAGAGTGTCTGATAGCAGCTTCTGAACTGGTTACCTGCCGTGAGTAAATTAAAATTTTATTGACTTAGGTCACTAAATACTTTAACCAATATAGGCATAGCGCACAGACAGATAAAAATTACAGAGTACACAACATCCATGAAACGCATTAGCACCACCATTACCACCACCATCACCATTACCACAGGTAACGGTGCGGGCTGACGCGTACAGGAAACACAGAAAAAAGCCCGCACCTGACAGTGCGGGCTTTTTTTTCGACCAAAGGTAACGAGGTAACAACCATGCGAGTGTT', 'Gene2': 'GGCGCGCGTCTTTGCAGCGATGTCACGCGCCCGTATTTCCGTGGTGCTGATTACGCAATCATCTTCCGAATACAGTATCAGTTTCTGCGTTCCGCAAAGCGACTGTGTGCGAGCTGAACGGGCAATGCAGGAAGAGTTCTAGGTGATGGTATGCGCACCTTACGTGGGATCTCGGCGAAATTCTTTGCCGCGCTGGCCCGCGCCAATATCAACATTGTCGCCATTGCTCAGGGATCTTCTGAACGCTCAATCTCTGTCGTGGTCAATAACGATGATGCGACCACTGGCGTGCGCGTTACTCATCAGATGCTGTTCAATACCGATCAGGTTATCGAAGTGTTTGTGATAAAACTGGCGTGCGCGTTACTCATCAGATGCTGTTCAATACCGATCAGGTTATCGAAGTGTTTGTGAT'}
