[]
['ccggg', 'cccgg']
['ccggg', 'cccgg']
['ccggg', 'cccgg']
['ttgacaccccccccccccccccctataat']
['ttgacaccccccccccccccccccccctataat']
<callable-iterator object at 0x7fd566589f50>
ttgacaccccccccccccccccctataat
5 34
Start time = 1549606404.47 seconds. End time = 1549606404.47  seconds.
Average search time was  1.05191493034e-06  seconds
Number of search hits =  60946
Average search time was  1.03236293793e-06  seconds
Number of search hits =  239089
