(16.095, -11.735)
(25.095, -11.735)
(115.095, -11.735)
(16.095, -74.735)
(115.095, -74.735)
5
6
6
(161, -117)
161 -117
(16.095, -11.735)
(90, 0)
251 -117
(25.095, -11.735)
(-90, -90)
161 -207
(16.095, -20.735)
(990, -540)
1151 -747
(115.095, -74.735)
(341, -207)
