{'Gene1': 'AGCTTTTCATTCTGACTGCAACGGGCAATATGTCTCTGTGTGGATTAAAAAAAGAGTGTCTGATAGCAGCTTCTGAACTGGTTACCTGCCGTGAGTAAATTAAAATTTTATTGACTTAGGTCACTAAATACTTTAACCAATATAGGCATAGCGCACAGACAGATAAAAATTACAGAGTACACAACATCCATGAAACGCATTAGCACCACCATTACCACCACCATCACCATTACCACAGGTAACGGTGCGGGCTGACGCGTACAGGAAACACAGAAAAAAGCCCGCACCTGACAGTGCGGGCTTTTTTTTCGACCAAAGGTAACGAGGTAACAACCATGCGAGTGTT', 'Gene2': 'GGCGCGCGTCTTTGCAGCGATGTCACGCGCCCGTATTTCCGTGGTGCTGATTACGCAATCATCTTCCGAATACAGTATCAGTTTCTGCGTTCCGCAAAGCGACTGTGTGCGAGCTGAACGGGCAATGCAGGAAGAGTTCTAGGTGATGGTATGCGCACCTTACGTGGGATCTCGGCGAAATTCTTTGCCGCGCTGGCCCGCGCCAATATCAACATTGTCGCCATTGCTCAGGGATCTTCTGAACGCTCAATCTCTGTCGTGGTCAATAACGATGATGCGACCACTGGCGTGCGCGTTACTCATCAGATGCTGTTCAATACCGATCAGGTTATCGAAGTGTTTGTGATAAAACTGGCGTGCGCGTTACTCATCAGATGCTGTTCAATACCGATCAGGTTATCGAAGTGTTTGTGAT', 'Gene 3 (other comment)': 'TACAGTATCAGTTTCTGCGTTCCGCAAAGCGACTGTGTGCGAGCTGAACGGGCAATGCAGGAAGAGTTCTATTTCCCAATTTTTAGGAACCC'}
