(1, (1, 1), 'A01')
(1, (1, 1), 'A01')
(1, (1, 1), 'A01')
(96, (8, 12), 'H12')
(96, (8, 12), 'H12')
(96, (8, 12), 'H12')
B01
a seems to be True
a seems to be False
a seems to be True
a seems to be False
a seems to be True
a seems to be False
a seems to be True
a seems to be False
a seems to be True
0.87
0.87
0.87
0.32
9.49
98.72
[(13, (2, 1), 'B01'), (14, (2, 2), 'B02'), (15, (2, 3), 'B03'), (16, (2, 4), 'B04'), (17, (2, 5), 'B05'), (18, (2, 6), 'B06'), (19, (2, 7), 'B07'), (20, (2, 8), 'B08'), (21, (2, 9), 'B09'), (22, (2, 10), 'B10'), (23, (2, 11), 'B11'), (24, (2, 12), 'B12')]
[(25, (3, 1), 'C01'), (26, (3, 2), 'C02'), (27, (3, 3), 'C03'), (28, (3, 4), 'C04'), (29, (3, 5), 'C05'), (30, (3, 6), 'C06'), (31, (3, 7), 'C07'), (32, (3, 8), 'C08'), (33, (3, 9), 'C09'), (34, (3, 10), 'C10'), (35, (3, 11), 'C11'), (36, (3, 12), 'C12')]
[(37, (4, 1), 'D01'), (38, (4, 2), 'D02'), (39, (4, 3), 'D03'), (40, (4, 4), 'D04'), (41, (4, 5), 'D05'), (42, (4, 6), 'D06'), (43, (4, 7), 'D07'), (44, (4, 8), 'D08'), (45, (4, 9), 'D09'), (46, (4, 10), 'D10'), (47, (4, 11), 'D11'), (48, (4, 12), 'D12')]
(11.479999999999999, 45.91375)
43.6519791667
