total TFs: 307
total genes: 6725
genes regulated by both abf1 and cyc8 ['hxt2', 'hxt4']
genes regulated by abf1 or cyc8 ['aac1', 'aad15', 'aad3', 'aad6', 'aap1', 'aat1', 'aat2', 'abf1', 'abm1', 'abp140', 'acb1', 'acc1', 'ach1', 'acn9', 'aco1', 'aco2', 'acp1', 'acs1', 'acs2', 'act1', 'ade1', 'ade16', 'ade17', 'ade3', 'ade5,7', 'ade8', 'adh1', 'adh2', 'adh3', 'adh4', 'adh5', 'ado1', 'adr1', 'ady2', 'ady3', 'ady4', 'aep1', 'afg3', 'afi1', 'aga1', 'aga2', 'age1', 'agp2', 'aha1', 'ahc2', 'aif1', 'aim10', 'aim13', 'aim17', 'aim18', 'aim19', 'aim2', 'aim22', 'aim24', 'aim34', 'aim36', 'aim45', 'aim46', 'aim5', 'aip1', 'akr1', 'ald2', 'ald3', 'ald4', 'ald5', 'ald6', 'alf1', 'alg1', 'alg11', 'alk2', 'alp1', 'alr1', 'alr2', 'alt1', 'ama1', 'ame1', 'amn1', 'ams1', 'anb1', 'anp1', 'anr2', 'ant1', 'apc11', 'ape3', 'api2', 'apj1', 'apl1', 'apl2', 'apl3', 'apn1', 'apn2', 'aps2', 'apt2', 'arb1', 'arc1', 'arc15', 'arc18', 'arc19', 'arc35', 'arf2', 'arg1', 'arg2', 'arg4', 'arg5,6', 'arg7', 'arg8', 'arg82', 'arh1', 'arl1', 'arn1', 'arn2', 'aro1', 'aro10', 'aro2', 'aro3', 'aro4', 'aro9', 'arp2', 'arp5', 'arp6', 'arp7', 'arp8', 'arp9', 'arr1', 'ase1', 'asf1', 'asf2', 'ash1', 'asi2', 'asn1', 'asn2', 'asp1', 'asp3-2', 'asp3-3', 'ast1', 'atc1', 'atg15', 'atg33', 'atg36', 'atg8', 'atg9', 'ato2', 'ato3', 'atp12', 'atp14', 'atp15', 'atp16', 'atp17', 'atp18', 'atp2', 'atp22', 'atp23', 'atp3', 'atp5', 'atp7', 'ats1', 'aua1', 'aur1', 'aus1', 'avl9', 'avt2', 'avt6', 'avt7', 'axl2', 'ayr1', 'ayt1', 'bap2', 'bap3', 'bar1', 'bas1', 'bat1', 'bat2', 'bbc1', 'bch1', 'bcp1', 'bcs1', 'bcy1', 'bdf1', 'bdf2', 'bdh1', 'bdh2', 'bem1', 'bem2', 'bem4', 'bet1', 'bet2', 'bet3', 'bet5', 'bgl2', 'big1', 'bik1', 'bio2', 'bio4', 'bir1', 'bit61', 'bls1', 'bmh1', 'bmh2', 'bms1', 'bmt2', 'bna1', 'bna2', 'bna3', 'bna4', 'bna5', 'bni4', 'boi1', 'bop2', 'bre1', 'brr2', 'brx1', 'bsc1', 'bsc2', 'bsd2', 'bsp1', 'btn2', 'btt1', 'bub1', 'bud21', 'bud27', 'bud3', 'bud4', 'bud8', 'bur2', 'bur6', 'bye1', 'cab4', 'cac2', 'cad1', 'caf120', 'caf130', 'caf40', 'cam1', 'cap1', 'cap2', 'car1', 'car2', 'cat8', 'cax4', 'cbc2', 'cbf1', 'cbf5', 'cbp4', 'cbr1', 'ccc1', 'ccp1', 'cct2', 'cct3', 'cct4', 'cct5', 'cct6', 'cct7', 'cct8', 'ccw12', 'ccw14', 'ccz1', 'cda1', 'cda2', 'cdc10', 'cdc16', 'cdc19', 'cdc20', 'cdc24', 'cdc26', 'cdc28', 'cdc3', 'cdc34', 'cdc37', 'cdc39', 'cdc42', 'cdc48', 'cdc5', 'cdc55', 'cdc60', 'cdc7', 'cds1', 'cet1', 'cfd1', 'cft1', 'cft2', 'cgi121', 'cha1', 'cha4', 'chd1', 'cho1', 'cho2', 'chs1', 'chs5', 'chs7', 'cia1', 'cic1', 'cik1', 'cin1', 'cin2', 'cin4', 'cis3', 'cit1', 'cit3', 'cka1', 'cka2', 'cks1', 'cla4', 'clb1', 'clb2', 'clb5', 'clb6', 'clc1', 'clf1', 'cln1', 'cmc1', 'cmd1', 'cmk2', 'cmr1', 'cmr3', 'cms1', 'cnb1', 'cnn1', 'cns1', 'coa1', 'coa4', 'cog4', 'cog6', 'cop1', 'coq1', 'coq6', 'cos1', 'cos10', 'cos3', 'cos4', 'cos5', 'cos6', 'cos8', 'cot1', 'cox13', 'cox15', 'cox16', 'cox17', 'cox23', 'cox5a', 'cox6', 'coy1', 'cpa1', 'cpr1', 'cpr5', 'cpr7', 'crg1', 'crh1', 'crz1', 'csg2', 'csh1', 'csl4', 'csm1', 'csm4', 'csr1', 'cst6', 'cst9', 'cta1', 'ctf13', 'ctf18', 'ctf19', 'ctf4', 'cti6', 'ctk2', 'ctk3', 'ctm1', 'cts1', 'cue3', 'cue4', 'cue5', 'cup9', 'cwc2', 'cwc21', 'cwc23', 'cwc25', 'cwp1', 'cyb5', 'cyc1', 'cyc3', 'cyc7', 'cyc8', 'cyk3', 'cym1', 'cys3', 'dal3', 'dal4', 'dal7', 'dal81', 'dan1', 'dan4', 'das1', 'dbf20', 'dbp2', 'dbp6', 'dbp9', 'dcc1', 'dcp2', 'dcw1', 'ddr2', 'ded1', 'ded81', 'def1', 'dfg10', 'dfg16', 'dfm1', 'dfr1', 'dgk1', 'dhh1', 'dhr2', 'dia1', 'dia3', 'dib1', 'did2', 'die2', 'dim1', 'dip5', 'dis3', 'dit1', 'dit2', 'djp1', 'dma1', 'dma2', 'dmc1', 'dnf1', 'doa4', 'dog1', 'dog2', 'dot5', 'dot6', 'dpb11', 'dpb4', 'dph2', 'dpm1', 'dpp1', 'dps1', 'dsd1', 'dse1', 'dse2', 'dsf2', 'dsl1', 'dsn1', 'dss4', 'dtr1', 'duf1', 'dug1', 'dug2', 'dur1,2', 'dus3', 'dut1', 'dyn1', 'dys1', 'eaf1', 'eaf3', 'eaf6', 'ear1', 'ebp2', 'ebs1', 'ecl1', 'ecm15', 'ecm16', 'ecm19', 'ecm2', 'ecm21', 'ecm22', 'ecm25', 'ecm33', 'ecm4', 'ecm9', 'ect1', 'edc1', 'edc2', 'edc3', 'efb1', 'efm1', 'efm2', 'eft1', 'eft2', 'egd1', 'egd2', 'egt2', 'ehd3', 'eht1', 'ela1', 'elf1', 'elm1', 'elo1', 'elp3', 'emc2', 'emc3', 'emg1', 'emi2', 'emp47', 'emw1', 'ena1', 'end3', 'eno1', 'eno2', 'enp1', 'enp2', 'ent3', 'env7', 'eos1', 'epl1', 'ept1', 'erc1', 'erd2', 'erg1', 'erg10', 'erg11', 'erg12', 'erg2', 'erg20', 'erg25', 'erg26', 'erg28', 'erg3', 'erg4', 'erg9', 'erp1', 'erp2', 'erp3', 'ert1', 'erv15', 'erv25', 'erv46', 'esc2', 'esc8', 'esf1', 'esl2', 'ess1', 'est2', 'est3', 'etp1', 'exo5', 'faa1', 'faa4', 'fab1', 'fad1', 'far3', 'fas1', 'fat3', 'fba1', 'fcf1', 'fcf2', 'fcj1', 'fcy1', 'fcy2', 'fcy21', 'fes1', 'fhl1', 'fhn1', 'fin1', 'fip1', 'fit3', 'fkh2', 'fks1', 'flc2', 'flc3', 'flo1', 'flo5', 'flo9', 'flr1', 'fmc1', 'fmp16', 'fmp23', 'fmp27', 'fmp32', 'fmp33', 'fmp40', 'fmp43', 'fmp45', 'fmp46', 'fmp52', 'fol2', 'fox2', 'fpk1', 'fpr2', 'fps1', 'fra1', 'fre5', 'fre6', 'fre7', 'frm2', 'frq1', 'frs1', 'frs2', 'frt1', 'fsf1', 'fsh1', 'ftr1', 'fui1', 'fum1', 'fun14', 'fur4', 'fus1', 'fus3', 'fyv5', 'fzf1', 'fzo1', 'gad1', 'gal3', 'gal80', 'gal83', 'gap1', 'gas1', 'gas2', 'gas4', 'gas5', 'gat1', 'gat2', 'gat3', 'gbp2', 'gcd6', 'gcd7', 'gcn1', 'gcn2', 'gcn20', 'gcn5', 'gcv3', 'gdb1', 'gdh1', 'gdh2', 'gdi1', 'gef1', 'gep3', 'gep4', 'get2', 'gfa1', 'gga2', 'gic1', 'gic2', 'gid7', 'gid8', 'gim3', 'gip1', 'gip3', 'gis1', 'gis2', 'gis4', 'git1', 'glc3', 'gle1', 'gle2', 'glg1', 'glk1', 'gln1', 'gln4', 'glo1', 'glo3', 'glr1', 'glt1', 'gmh1', 'gnp1', 'gon7', 'gpa1', 'gpa2', 'gpd1', 'gpd2', 'gpg1', 'gpi11', 'gpi12', 'gpi15', 'gpi17', 'gpi8', 'gpm2', 'gpn2', 'gpr1', 'gpx1', 'gpx2', 'gre2', 'gre3', 'grh1', 'grs1', 'grs2', 'grx1', 'grx2', 'grx3', 'grx5', 'grx6', 'grx8', 'gsc2', 'gsf2', 'gsp1', 'gsp2', 'gsy1', 'gsy2', 'gts1', 'gtt1', 'gtt2', 'gtt3', 'gua1', 'guk1', 'gup1', 'gut2', 'gvp36', 'gzf3', 'hac1', 'hal1', 'hap1', 'hap5', 'has1', 'hat1', 'hbs1', 'hcm1', 'hcr1', 'hcs1', 'hda2', 'hek2', 'hel2', 'hem12', 'hem13', 'hem2', 'hes1', 'hfi1', 'hfm1', 'hgh1', 'him1', 'his1', 'his3', 'his4', 'his5', 'his6', 'his7', 'hmf1', 'hmg1', 'hmg2', 'hmo1', 'hms1', 'hms2', 'hmt1', 'hnm1', 'hnt1', 'hoc1', 'hof1', 'hom2', 'hom3', 'hop1', 'hop2', 'hor2', 'hor7', 'hos2', 'hpa3', 'hpc2', 'hpf1', 'hpr1', 'hrb1', 'hri1', 'hrk1', 'hrr25', 'hsc82', 'hse1', 'hsp10', 'hsp104', 'hsp12', 'hsp150', 'hsp26', 'hsp30', 'hsp33', 'hsp42', 'hsp60', 'hsp78', 'hsp82', 'hst1', 'hst3', 'hsv2', 'hta2', 'htb1', 'htb2', 'hts1', 'htz1', 'hua1', 'hut1', 'hxk1', 'hxk2', 'hxt10', 'hxt15', 'hxt2', 'hxt3', 'hxt4', 'hyp2', 'iah1', 'ibd2', 'ice2', 'ics2', 'ics3', 'icy1', 'idh1', 'idp2', 'ids2', 'ies3', 'ies5', 'ies6', 'ifa38', 'igd1', 'igo1', 'igo2', 'iki3', 'ilm1', 'ilv5', 'ima2', 'ima3', 'ima5', 'imd1', 'imd2', 'ime1', 'ime2', 'ime4', 'img1', 'img2', 'imh1', 'iml1', 'imo32', 'imp3', 'imp4', 'inh1', 'inm1', 'inn1', 'ino1', 'inp1', 'inp52', 'ioc2', 'ioc3', 'ipl1', 'ipp1', 'ipt1', 'iqg1', 'irc15', 'irc18', 'irc19', 'irc21', 'irc23', 'irc24', 'irc25', 'irc7', 'ire1', 'irr1', 'isc1', 'isc10', 'isd11', 'isn1', 'isr1', 'ist3', 'isu1', 'isu2', 'isw2', 'ixr1', 'izh3', 'izh4', 'jen1', 'jhd1', 'jhd2', 'jid1', 'jjj1', 'jjj2', 'jlp1', 'jsn1', 'kap120', 'kap95', 'kar2', 'kar5', 'kcs1', 'kdx1', 'kei1', 'kel1', 'kel2', 'kel3', 'kes1', 'kic1', 'kin2', 'kin28', 'kin4', 'kip1', 'kkq8', 'knh1', 'kns1', 'kre1', 'kre2', 'kre9', 'kri1', 'krs1', 'kti12', 'ktr1', 'ktr4', 'ktr5', 'ktr6', 'ktr7', 'lac1', 'lag1', 'lag2', 'lap2', 'lap3', 'las21', 'lat1', 'lcb1', 'lcb5', 'lcl3', 'ldb16', 'ldb19', 'ldb7', 'leo1', 'leu1', 'leu2', 'leu3', 'leu4', 'leu5', 'leu9', 'lhp1', 'lhs1', 'lia1', 'loh1', 'lot5', 'lot6', 'lpd1', 'lrp1', 'lsb5', 'lsm2', 'lsm3', 'lsm4', 'lsm5', 'lsm7', 'lsp1', 'lst4', 'lst7', 'lst8', 'ltv1', 'lyp1', 'lys1', 'lys14', 'lys20', 'lys21', 'lys4', 'mad3', 'mae1', 'mak16', 'mak5', 'mal12', 'mal32', 'mam1', 'mam3', 'mam33', 'map2', 'mas1', 'mbf1', 'mbp1', 'mcd4', 'mch1', 'mch2', 'mch4', 'mck1', 'mcm16', 'mcm2', 'mcm4', 'mcm7', 'mcr1', 'mdh1', 'mdh2', 'mdj1', 'mdj2', 'mdl2', 'mdm20', 'mdm31', 'mdm32', 'mdm34', 'mdm35', 'mdm36', 'mdm38', 'mdv1', 'mdy2', 'med2', 'med7', 'med8', 'mei4', 'mei5', 'mek1', 'mep1', 'mer1', 'mes1', 'met1', 'met10', 'met13', 'met18', 'met28', 'met3', 'met30', 'met4', 'met5', 'met6', 'met8', 'mfa1', 'mfa2', 'mga1', 'mga2', 'mge1', 'mgm1', 'mgt1', 'mhp1', 'mhr1', 'mht1', 'mia40', 'mic17', 'mic23', 'mid2', 'mig2', 'mim1', 'mip6', 'mir1', 'mis1', 'mit1', 'mkc7', 'mks1', 'mkt1', 'mlc1', 'mlh3', 'mls1', 'mmf1', 'mmm1', 'mms1', 'mms4', 'mmt2', 'mnd1', 'mnd2', 'mnl2', 'mnn10', 'mnn11', 'mnn5', 'mnn9', 'mnr2', 'mnt2', 'mob2', 'moh1', 'mon1', 'mos2', 'mot2', 'mot3', 'mpc2', 'mpc54', 'mph1', 'mpp10', 'mps1', 'mps2', 'mps3', 'mre11', 'mrf1', 'mrh4', 'mrm1', 'mrp1', 'mrp20', 'mrp21', 'mrp4', 'mrp49', 'mrp7', 'mrp8', 'mrpl16', 'mrpl25', 'mrpl27', 'mrpl28', 'mrpl32', 'mrpl33', 'mrpl35', 'mrpl36', 'mrpl37', 'mrpl38', 'mrpl39', 'mrpl4', 'mrpl44', 'mrpl51', 'mrpl8', 'mrpl9', 'mrps12', 'mrps16', 'mrps18', 'mrps9', 'mrs1', 'mrs3', 'mrs4', 'msa2', 'msb2', 'msc1', 'msc2', 'msc6', 'msd1', 'msf1', 'msh1', 'msh3', 'msh4', 'msh5', 'msk1', 'msl1', 'msl5', 'msn1', 'msn4', 'mso1', 'msr1', 'mss116', 'mss4', 'mst27', 'mst28', 'msw1', 'mtc2', 'mtc3', 'mtc7', 'mtf1', 'mtf2', 'mtm1', 'mto1', 'mtq1', 'mtr2', 'mtr4', 'mtw1', 'mud2', 'mum2', 'mum3', 'mup1', 'mup3', 'mvb12', 'mvp1', 'mxr2', 'myo1', 'myo2', 'myo5', 'nab2', 'nam7', 'nam9', 'nar1', 'nas2', 'nas6', 'nat3', 'nat4', 'nca3', 'ncb2', 'nce102', 'nce103', 'ncl1', 'ncp1', 'ncs2', 'nde1', 'nde2', 'ndi1', 'ndj1', 'ndl1', 'ndt80', 'neo1', 'net1', 'nfs1', 'nfu1', 'ngl2', 'ngr1', 'nhp2', 'nhx1', 'nif3', 'nip1', 'nip7', 'nis1', 'nit3', 'nkp1', 'nkp2', 'nmd2', 'nmd4', 'nmt1', 'nnk1', 'nob1', 'noc2', 'noc4', 'nog1', 'nog2', 'nop1', 'nop12', 'nop14', 'nop15', 'nop19', 'nop2', 'nop4', 'nop53', 'nop56', 'nop58', 'nop9', 'npc2', 'npl3', 'npl4', 'npp2', 'npr1', 'npt1', 'npy1', 'nqm1', 'nrd1', 'nrg1', 'nrm1', 'nrp1', 'nrt1', 'nse4', 'nsl1', 'nta1', 'nth1', 'nto1', 'nug1', 'nup1', 'nup100', 'nup120', 'nup133', 'nup157', 'nup159', 'nup170', 'nup188', 'nup42', 'nup49', 'nup53', 'nup57', 'nup84', 'nup85', 'nus1', 'oaz1', 'oca2', 'oca5', 'och1', 'ole1', 'om45', 'opt1', 'opy1', 'orc2', 'orm1', 'orm2', 'osh6', 'osm1', 'ost1', 'ost3', 'ost5', 'oxa1', 'oye2', 'paa1', 'pab1', 'pac1', 'pac11', 'paf1', 'pai3', 'pal1', 'pam1', 'pam16', 'pam17', 'pam18', 'pan5', 'pan6', 'pat1', 'pau1', 'pau10', 'pau11', 'pau14', 'pau17', 'pau19', 'pau22', 'pau24', 'pau3', 'pau5', 'pbp2', 'pbp4', 'pca1', 'pch2', 'pcl5', 'pcl7', 'pcl9', 'pcs60', 'pct1', 'pda1', 'pdb1', 'pdc1', 'pdc2', 'pdc6', 'pdr10', 'pdr11', 'pdr15', 'pdr16', 'pdr17', 'pdr3', 'pds5', 'pdx3', 'pef1', 'pep12', 'pep7', 'pep8', 'pes4', 'pet10', 'pet112', 'pet123', 'pet20', 'pet494', 'pet54', 'pet9', 'pex1', 'pex10', 'pex12', 'pex2', 'pex25', 'pex3', 'pex5', 'pfk1', 'pfk2', 'pfs1', 'pga1', 'pga2', 'pgc1', 'pgd1', 'pgi1', 'pgs1', 'phb2', 'phm8', 'pho11', 'pho12', 'pho13', 'pho2', 'pho3', 'pho4', 'pho8', 'pho85', 'pho86', 'pho88', 'pib1', 'pih1', 'pik1', 'pil1', 'pin3', 'pip2', 'pir3', 'pkh2', 'pkp1', 'plb1', 'plb3', 'pma2', 'pmc1', 'pmi40', 'pml39', 'pmp2', 'pmp3', 'pmt2', 'pnc1', 'pno1', 'pob3', 'poc4', 'pol1', 'pol32', 'pol5', 'pom152', 'pom33', 'pop2', 'pop6', 'pop8', 'por1', 'por2', 'pos5', 'ppa2', 'ppe1', 'ppg1', 'pph21', 'pph22', 'pph3', 'ppm2', 'ppn1', 'ppq1', 'ppt1', 'prc1', 'prd1', 'pre10', 'pre3', 'pre6', 'pre7', 'pre8', 'pri2', 'prm10', 'prm2', 'prm4', 'prm5', 'prm7', 'prm8', 'prm9', 'pro2', 'pro3', 'prp21', 'prp3', 'prp38', 'prp39', 'prp4', 'prp40', 'prp45', 'prp46', 'prp6', 'prp8', 'prr2', 'prt1', 'prx1', 'pry1', 'pry3', 'psa1', 'psd1', 'psf2', 'psk1', 'pso2', 'psp1', 'psr1', 'pst1', 'psy2', 'psy4', 'pta1', 'ptc1', 'ptc2', 'ptc3', 'ptc4', 'ptc5', 'pth2', 'ptk1', 'ptk2', 'ptm1', 'ptr3', 'puf3', 'pug1', 'pun1', 'pup1', 'pup2', 'pup3', 'pus1', 'pus2', 'put1', 'put2', 'put3', 'put4', 'pwp2', 'pxa2', 'pxr1', 'pyc1', 'pyc2', 'pyk2', 'pzf1', 'qcr10', 'qcr2', 'qcr6', 'qcr8', 'qcr9', 'qdr1', 'qdr2', 'qns1', 'rad14', 'rad16', 'rad23', 'rad24', 'rad27', 'rad3', 'rad34', 'rad50', 'rad51', 'rad53', 'rad54', 'rad59', 'ram2', 'ras2', 'rba50', 'rbg1', 'rbg2', 'rbs1', 'rcf2', 'rcn1', 'rcn2', 'rcr2', 'rdr1', 'rds1', 'reb1', 'rec102', 'rec104', 'rec107', 'rec114', 'rec8', 'red1', 'ree1', 'ref2', 'reg2', 'reh1', 'rei1', 'rer1', 'rer2', 'ret1', 'rex2', 'rex4', 'rfa2', 'rfs1', 'rga1', 'rga2', 'rgd2', 'rgi2', 'rgl1', 'rgs2', 'rgt2', 'rho1', 'rho4', 'rhr2', 'rib1', 'rib3', 'rib4', 'rib5', 'rif2', 'rim101', 'rim11', 'rim15', 'rim4', 'rim8', 'rim9', 'rio2', 'rip1', 'rix1', 'rix7', 'rkm3', 'rlf2', 'rli1', 'rlp7', 'rmd5', 'rmd9', 'rmi1', 'rmr1', 'rna1', 'rna14', 'rnh1', 'rnh201', 'rnh202', 'rnh70', 'rnp1', 'rnq1', 'rnr1', 'rnr2', 'rog1', 'rog3', 'rom2', 'rot1', 'rox1', 'rpa12', 'rpa135', 'rpa14', 'rpb10', 'rpb2', 'rpb7', 'rpb8', 'rpc19', 'rpc25', 'rpc31', 'rpc40', 'rpc82', 'rpe1', 'rpf1', 'rpf2', 'rpg1', 'rpi1', 'rpl12b', 'rpl13a', 'rpl13b', 'rpl15a', 'rpl15b', 'rpl16a', 'rpl18b', 'rpl19b', 'rpl20a', 'rpl21a', 'rpl22a', 'rpl26a', 'rpl27a', 'rpl29', 'rpl2a', 'rpl2b', 'rpl3', 'rpl31b', 'rpl32', 'rpl33a', 'rpl34a', 'rpl34b', 'rpl35b', 'rpl41b', 'rpl43b', 'rpl4a', 'rpl5', 'rpl6a', 'rpl6b', 'rpl7b', 'rpl8b', 'rpn1', 'rpn10', 'rpn13', 'rpn4', 'rpn5', 'rpn7', 'rpn8', 'rpn9', 'rpo21', 'rpo26', 'rpo31', 'rpo41', 'rpp0', 'rpp1', 'rpp1a', 'rpp1b', 'rpp2a', 'rps0a', 'rps10a', 'rps10b', 'rps13', 'rps14b', 'rps15', 'rps16a', 'rps16b', 'rps19b', 'rps2', 'rps21a', 'rps22b', 'rps23a', 'rps23b', 'rps24b', 'rps25b', 'rps26a', 'rps26b', 'rps27b', 'rps28a', 'rps28b', 'rps29a', 'rps29b', 'rps4a', 'rps5', 'rps6a', 'rps8a', 'rpt3', 'rpt4', 'rpt5', 'rqc1', 'rrd2', 'rrg9', 'rri2', 'rrp1', 'rrp12', 'rrp17', 'rrp3', 'rrp36', 'rrp4', 'rrp40', 'rrp42', 'rrp45', 'rrp5', 'rrp7', 'rrp8', 'rrp9', 'rrt2', 'rrt6', 'rsa4', 'rsb1', 'rsc1', 'rsc2', 'rsc3', 'rsc30', 'rsc4', 'rsc6', 'rse1', 'rsf2', 'rsm10', 'rsm19', 'rsm27', 'rsp5', 'rta1', 'rtc1', 'rtc2', 'rtc3', 'rtf1', 'rtg1', 'rtg3', 'rtk1', 'rtn1', 'rts2', 'rts3', 'rtt10', 'rtt103', 'rvb2', 'rxt2', 'rxt3', 'sac3', 'sae2', 'sae3', 'sak1', 'sam3', 'sam37', 'sap155', 'sap4', 'sar1', 'sas5', 'saw1', 'sbe2', 'sbh2', 'sbp1', 'scc4', 'scd6', 'scl1', 'scm3', 'scm4', 'scs22', 'scs3', 'sct1', 'scw4', 'sdh4', 'sdp1', 'sds23', 'sds24', 'sea4', 'sec11', 'sec14', 'sec16', 'sec18', 'sec21', 'sec23', 'sec27', 'sec28', 'sec53', 'sec61', 'sec62', 'sec72', 'sed4', 'sef1', 'seg1', 'sem1', 'ser1', 'ser2', 'ses1', 'set1', 'set2', 'set3', 'set4', 'sfb2', 'sfc1', 'sfg1', 'sfh5', 'sfp1', 'sft2', 'sgf11', 'sgf29', 'sgm1', 'sgt1', 'shc1', 'she10', 'she3', 'she4', 'shg1', 'shh3', 'shh4', 'shm1', 'shm2', 'shp1', 'shq1', 'shr5', 'shu2', 'sif2', 'sin3', 'sip1', 'sip4', 'sis1', 'sis2', 'sit4', 'siz1', 'ski2', 'ski6', 'ski7', 'ski8', 'skp1', 'skt5', 'sky1', 'sla1', 'sla2', 'slc1', 'sld3', 'sld5', 'sld7', 'slk19', 'slm1', 'slm4', 'sln1', 'sls1', 'slt2', 'slx5', 'slz1', 'sma1', 'smc1', 'smc2', 'smc5', 'smd1', 'smd2', 'smf2', 'smk1', 'smp1', 'smt3', 'smx2', 'smx3', 'smy1', 'sna2', 'sna3', 'sna4', 'snc2', 'snf1', 'snf11', 'snf2', 'snf3', 'snf6', 'snf7', 'snf8', 'sng1', 'snl1', 'snn1', 'sno3', 'snq2', 'snr14', 'snr47', 'snr57', 'snu114', 'snu13', 'snx3', 'snz3', 'sod1', 'sof1', 'soh1', 'sol1', 'sol3', 'sol4', 'sop4', 'sor2', 'sov1', 'spb1', 'spc110', 'spc25', 'spc42', 'spe1', 'spf1', 'spg3', 'spg4', 'spi1', 'spl2', 'spo1', 'spo11', 'spo12', 'spo13', 'spo14', 'spo16', 'spo19', 'spo20', 'spo21', 'spo22', 'spo23', 'spo71', 'spo73', 'spo74', 'spo75', 'spo77', 'spp2', 'spp41', 'spr1', 'spr3', 'sps1', 'sps100', 'sps18', 'sps4', 'spt15', 'spt16', 'spt23', 'spt4', 'spt8', 'srb2', 'srb6', 'srb8', 'srf1', 'srl1', 'srl2', 'srn2', 'sro77', 'srp1', 'srp14', 'srp68', 'srp72', 'srs2', 'srv2', 'srx1', 'sry1', 'ssa1', 'ssa3', 'ssa4', 'ssb1', 'ssb2', 'ssc1', 'sse1', 'sse2', 'ssf1', 'ssf2', 'ssh1', 'ssh4', 'ssl1', 'ssl2', 'ssm4', 'sso1', 'ssp1', 'ssp2', 'sst2', 'ssu1', 'ssu72', 'ssz1', 'stb3', 'ste12', 'ste13', 'ste14', 'ste18', 'ste2', 'ste20', 'ste23', 'ste24', 'ste3', 'ste4', 'ste50', 'ste7', 'stf1', 'stf2', 'sti1', 'stl1', 'stn1', 'sto1', 'stp1', 'stp2', 'stp3', 'str2', 'str3', 'stu2', 'sua5', 'sub1', 'sub2', 'suc2', 'suf4', 'sui1', 'sui3', 'sul1', 'sum1', 'sup35', 'sup45', 'sup54', 'sur2', 'sur4', 'sur7', 'sut1', 'svf1', 'svp26', 'swa2', 'swc3', 'swc5', 'swc7', 'swd1', 'swf1', 'swi1', 'swi3', 'swi4', 'swi5', 'swm1', 'swp82', 'swr1', 'sws2', 'syf2', 'syg1', 'syh1', 'syo1', 'syp1', 'sys1', 'tad3', 'taf11', 'taf12', 'taf14', 'taf4', 'taf5', 'taf8', 'taf9', 'tah11', 'tao3', 'tat1', 'tat2', 'tcb1', 'tcb2', 'tcd2', 'tco89', 'tcp1', 'tda1', 'tda11', 'tda2', 'tda3', 'tda4', 'tda6', 'tda9', 'tdh1', 'tdh2', 'tdh3', 'tef2', 'ten1', 'tex1', 'tfa1', 'tfb1', 'tfb3', 'tfb6', 'tfc6', 'tfg1', 'tfs1', 'tgl1', 'thi12', 'thi13', 'thi2', 'thi21', 'thi4', 'thi5', 'thi7', 'thi73', 'thi74', 'tho1', 'tho2', 'thp1', 'thp3', 'thr1', 'thr4', 'tif1', 'tif11', 'tif2', 'tif3', 'tif34', 'tif35', 'tif6', 'tim10', 'tim11', 'tim13', 'tim18', 'tim22', 'tim23', 'tim8', 'tip1', 'tip20', 'tir1', 'tir2', 'tir3', 'tk(cuu)d1', 'tkl2', 'tlg2', 'tma10', 'tma19', 'tma20', 'tma46', 'tma64', 'tma7', 'tmn2', 'tms1', 'tna1', 'toa1', 'tof2', 'tok1', 'tom20', 'tom22', 'tom40', 'tom6', 'tom7', 'tom70', 'tom71', 'tor1', 'tor2', 'tos1', 'tos6', 'tpd3', 'tpm1', 'tpm2', 'tpn1', 'tpo1', 'tpo5', 'trk1', 'trm1', 'trm112', 'trm2', 'trm44', 'trm5', 'trm7', 'trm82', 'trm9', 'trp2', 'trp3', 'trp4', 'trr1', 'trs120', 'trs20', 'trx1', 'tsa1', 'tsc10', 'tsc13', 'tsc3', 'tsl1', 'tsr1', 'tub1', 'tub2', 'tub4', 'tum1', 'tup1', 'tvp15', 'tvp38', 'tye7', 'tyr1', 'tys1', 'uba1', 'uba4', 'ubc1', 'ubc13', 'ubc8', 'ubi4', 'ubp1', 'ubp10', 'ubp14', 'ubp5', 'ubp6', 'ubr1', 'ubr2', 'ubx2', 'ubx5', 'ubx6', 'ubx7', 'ufd2', 'uga1', 'uga3', 'ugp1', 'ugx2', 'uip3', 'uli1', 'ulp2', 'uls1', 'ume6', 'ups1', 'ups3', 'ura5', 'ura6', 'ura7', 'urb1', 'urb2', 'urc2', 'urh1', 'usv1', 'utp11', 'utp13', 'utp15', 'utp18', 'utp25', 'utp5', 'utp8', 'utp9', 'utr1', 'utr5', 'vab2', 'vac14', 'vac17', 'vac7', 'vba2', 'vba4', 'vel1', 'vhr1', 'vhr2', 'vhs2', 'vht1', 'vid22', 'vid24', 'vid27', 'vid28', 'vma11', 'vma13', 'vma16', 'vma2', 'vma3', 'vma4', 'vma6', 'vnx1', 'voa1', 'vps13', 'vps15', 'vps21', 'vps24', 'vps25', 'vps27', 'vps33', 'vps54', 'vps60', 'vps61', 'vps62', 'vps63', 'vps68', 'vps74', 'vrg4', 'vrp1', 'vtc1', 'vth1', 'vth2', 'vti1', 'whi4', 'wsc2', 'wsc4', 'wtm1', 'wwm1', 'xks1', 'xrn1', 'yaf9', 'yal037w', 'yap1', 'yap1801', 'yap5', 'yap6', 'yar009c', 'yar028w', 'yar029w', 'yar066w', 'yar068w', 'yar1', 'yat1', 'yat2', 'ybl010c', 'ybl029w', 'ybl036c', 'ybl048w', 'ybl070c', 'ybl073w', 'ybl096c', 'ybl101w-a', 'ybl107w-a', 'ybl108w', 'ybl109w', 'ybl111c', 'ybl112c', 'ybl113c', 'ybp1', 'ybr012c', 'ybr012w-a', 'ybr012w-b', 'ybr032w', 'ybr051w', 'ybr062c', 'ybr063c', 'ybr085c-a', 'ybr096w', 'ybr116c', 'ybr124w', 'ybr134w', 'ybr138c', 'ybr139w', 'ybr178w', 'ybr197c', 'ybr209w', 'ybr219c', 'ybr220c', 'ybr224w', 'ybr225w', 'ybr232c', 'ybr238c', 'ybr242w', 'ybr266c', 'ybr277c', 'ybr284w', 'ybt1', 'ycg1', 'ych1', 'yck2', 'yck3', 'ycl001w-a', 'ycl042w', 'ycl049c', 'ycl065w', 'ycr001w', 'ycr013c', 'ycr018c-a', 'ycr025c', 'ycr049c', 'ycr050c', 'ycr051w', 'ycr064c', 'ycr085w', 'ycr099c', 'ycr100c', 'ycr102c', 'ycr102w-a', 'ydc1', 'ydj1', 'ydl012c', 'ydl016c', 'ydl023c', 'ydl026w', 'ydl032w', 'ydl034w', 'ydl057w', 'ydl062w', 'ydl073w', 'ydl094c', 'ydl124w', 'ydl144c', 'ydl163w', 'ydl172c', 'ydl180w', 'ydl183c', 'ydl187c', 'ydl196w', 'ydl221w', 'ydr008c', 'ydr015c', 'ydr018c', 'ydr029w', 'ydr034c-a', 'ydr034c-d', 'ydr034w-b', 'ydr061w', 'ydr094w', 'ydr095c', 'ydr098c-a', 'ydr098c-b', 'ydr109c', 'ydr124w', 'ydr132c', 'ydr134c', 'ydr154c', 'ydr157w', 'ydr186c', 'ydr199w', 'ydr210c-d', 'ydr215c', 'ydr220c', 'ydr222w', 'ydr261c-c', 'ydr261c-d', 'ydr261w-a', 'ydr261w-b', 'ydr262w', 'ydr274c', 'ydr327w', 'ydr338c', 'ydr340w', 'ydr341c', 'ydr344c', 'ydr360w', 'ydr365w-a', 'ydr365w-b', 'ydr366c', 'ydr374c', 'ydr391c', 'ydr396w', 'ydr426c', 'ydr431w', 'ydr433w', 'ydr442w', 'ydr444w', 'ydr445c', 'ydr455c', 'ydr476c', 'ydr537c', 'ydr541c', 'ydr543c', 'ydr544c', 'yea4', 'yea6', 'yef3', 'yeh1', 'yel023c', 'yel057c', 'yel074w', 'yel075c', 'yel076c', 'yel076c-a', 'yel077c', 'yel1', 'yen1', 'yer066c-a', 'yer079w', 'yer091c-a', 'yer119c-a', 'yer130c', 'yer137c-a', 'yer138c', 'yer138w-a', 'yer158c', 'yer181c', 'yer184c', 'yer186c', 'yer187w', 'yer188w', 'yer189w', 'yet1', 'yet3', 'yfl012w', 'yfl032w', 'yfl040w', 'yfl063w', 'yfl064c', 'yfl065c', 'yfl068w', 'yfr018c', 'yfr020w', 'yfr035c', 'yft2', 'ygl010w', 'ygl034c', 'ygl036w', 'ygl039w', 'ygl052w', 'ygl069c', 'ygl081w', 'ygl082w', 'ygl109w', 'ygl114w', 'ygl117w', 'ygl118c', 'ygl138c', 'ygl159w', 'ygl204c', 'ygl260w', 'ygp1', 'ygr025w', 'ygr035c', 'ygr038c-b', 'ygr039w', 'ygr042w', 'ygr050c', 'ygr053c', 'ygr054w', 'ygr066c', 'ygr067c', 'ygr069w', 'ygr073c', 'ygr109w-a', 'ygr109w-b', 'ygr117c', 'ygr122c-a', 'ygr122w', 'ygr149w', 'ygr151c', 'ygr161c-d', 'ygr161w-a', 'ygr161w-b', 'ygr176w', 'ygr182c', 'ygr219w', 'ygr242w', 'ygr259c', 'ygr266w', 'ygr269w', 'ygr290w', 'yhb1', 'yhc1', 'yhc3', 'yhi9', 'yhl026c', 'yhl041w', 'yhl044w', 'yhl045w', 'yhl049c', 'yhr020w', 'yhr022c', 'yhr033w', 'yhr035w', 'yhr045w', 'yhr050w-a', 'yhr078w', 'yhr080c', 'yhr130c', 'yhr131c', 'yhr138c', 'yhr139c-a', 'yhr140w', 'yhr145c', 'yhr173c', 'yhr177w', 'yhr210c', 'yia6', 'yig1', 'yil012w', 'yil024c', 'yil025c', 'yil032c', 'yil054w', 'yil055c', 'yil059c', 'yil060w', 'yil067c', 'yil077c', 'yil102c', 'yil141w', 'yil152w', 'yil169c', 'yil174w', 'yil175w', 'yil177c', 'yim1', 'yip1', 'yip3', 'yip5', 'yir035c', 'yir042c', 'yir043c', 'yir044c', 'yjl016w', 'yjl027c', 'yjl055w', 'yjl067w', 'yjl068c', 'yjl070c', 'yjl075c', 'yjl086c', 'yjl107c', 'yjl118w', 'yjl119c', 'yjl142c', 'yjl150w', 'yjl152w', 'yjl160c', 'yjl171c', 'yjl175w', 'yjl202c', 'yjl225c', 'yjr015w', 'yjr020w', 'yjr026w', 'yjr027w', 'yjr028w', 'yjr029w', 'yjr030c', 'yjr079w', 'yjr085c', 'yjr087w', 'yjr096w', 'yjr115w', 'yjr120w', 'yjr128w', 'yjr146w', 'yjr149w', 'yjr162c', 'yju3', 'yke4', 'ykl023w', 'ykl030w', 'ykl031w', 'ykl044w', 'ykl053w', 'ykl063c', 'ykl066w', 'ykl069w', 'ykl100c', 'ykl111c', 'ykl123w', 'ykl153w', 'ykl169c', 'ykl177w', 'ykl223w', 'ykr011c', 'ykr015c', 'ykr033c', 'ykr047w', 'ykr051w', 'ykr073c', 'ykr075c', 'ykt6', 'yku80', 'ylf2', 'yll017w', 'yll020c', 'yll030c', 'yll032c', 'yll037w', 'yll053c', 'yll065w', 'yll066c', 'yll067c', 'ylr012c', 'ylr030w', 'ylr035c-a', 'ylr040c', 'ylr041w', 'ylr042c', 'ylr046c', 'ylr053c', 'ylr111w', 'ylr118c', 'ylr122c', 'ylr123c', 'ylr124w', 'ylr126c', 'ylr152c', 'ylr162w', 'ylr173w', 'ylr179c', 'ylr225c', 'ylr230w', 'ylr232w', 'ylr255c', 'ylr256w-a', 'ylr257w', 'ylr278c', 'ylr279w', 'ylr280c', 'ylr281c', 'ylr282c', 'ylr283w', 'ylr294c', 'ylr296w', 'ylr317w', 'ylr334c', 'ylr339c', 'ylr346c', 'ylr349w', 'ylr352w', 'ylr365w', 'ylr366w', 'ylr374c', 'ylr400w', 'ylr402w', 'ylr407w', 'ylr422w', 'ylr460c', 'ylr462w', 'ylr463c', 'ylr464w', 'ylr465c', 'ymc2', 'ymd8', 'yme1', 'yme2', 'yml003w', 'yml045w-a', 'yml053c', 'yml079w', 'yml082w', 'yml083c', 'yml084w', 'yml090w', 'yml100w-a', 'yml119w', 'yml133c', 'ymr010w', 'ymr027w', 'ymr045c', 'ymr046w-a', 'ymr050c', 'ymr051c', 'ymr074c', 'ymr082c', 'ymr084w', 'ymr085w', 'ymr090w', 'ymr102c', 'ymr103c', 'ymr122c', 'ymr122w-a', 'ymr124w', 'ymr130w', 'ymr135w-a', 'ymr144w', 'ymr147w', 'ymr178w', 'ymr193c-a', 'ymr194c-a', 'ymr196w', 'ymr206w', 'ymr295c', 'ymr310c', 'ymr315w', 'ymr316c-a', 'ymr317w', 'ynd1', 'yng2', 'ynk1', 'ynl019c', 'ynl040w', 'ynl043c', 'ynl057w', 'ynl058c', 'ynl108c', 'ynl114c', 'ynl115c', 'ynl120c', 'ynl140c', 'ynl144c', 'ynl146w', 'ynl150w', 'ynl170w', 'ynl190w', 'ynl193w', 'ynl194c', 'ynl208w', 'ynl211c', 'ynl234w', 'ynl235c', 'ynl284c-a', 'ynl337w', 'ynl338w', 'ynr021w', 'ynr034w-a', 'ynr048w', 'ynr064c', 'ynr071c', 'yol013w-a', 'yol014w', 'yol019w', 'yol035c', 'yol036w', 'yol037c', 'yol046c', 'yol075c', 'yol079w', 'yol098c', 'yol103w-a', 'yol103w-b', 'yol106w', 'yol134c', 'yol166c', 'yop1', 'yor050c', 'yor059c', 'yor062c', 'yor072w', 'yor135c', 'yor142w-b', 'yor146w', 'yor152c', 'yor170w', 'yor186w', 'yor192c-b', 'yor203w', 'yor214c', 'yor268c', 'yor289w', 'yor292c', 'yor302w', 'yor309c', 'yor331c', 'yor338w', 'yor342c', 'yor343c', 'yor343w-b', 'yor376w', 'yor379c', 'yor385w', 'yor387c', 'yor390w', 'yox1', 'ypc1', 'ypk1', 'ypk9', 'ypl025c', 'ypl044c', 'ypl062w', 'ypl067c', 'ypl113c', 'ypl136w', 'ypl150w', 'ypl199c', 'ypl229w', 'ypl257w-a', 'ypl257w-b', 'ypl272c', 'ypl276w', 'ypl279c', 'ypp1', 'ypq1', 'ypr002c-a', 'ypr014c', 'ypr050c', 'ypr063c', 'ypr064w', 'ypr077c', 'ypr092w', 'ypr098c', 'ypr1', 'ypr109w', 'ypr117w', 'ypr126c', 'ypr127w', 'ypr148c', 'ypr153w', 'ypr170c', 'ypr172w', 'ypr202w', 'ypr203w', 'yps3', 'ypt1', 'ypt10', 'ypt32', 'ypt35', 'ypt52', 'ypt6', 'yra1', 'yra2', 'yrb1', 'yrf1-1', 'yrf1-2', 'yrf1-3', 'yrf1-4', 'yrf1-5', 'yrf1-6', 'yrf1-7', 'yro2', 'ysc84', 'ysp2', 'ysr3', 'ysw1', 'ysy6', 'yta7', 'yth1', 'zap1', 'zeo1', 'zip1', 'zip2', 'zpr1', 'zps1', 'zrc1', 'zrg8', 'zrt1', 'zrt2', 'zrt3', 'zta1', 'zwf1']
